=====================
mer. 25 mars 2026 18:24:17 CET == Failed Pipeline : Python ETL
=====================
mer. 25 mars 2026 18:25:05 CET == Failed Pipeline : Python ETL
NameError: name 'run_pipelined' is not defined. Did you mean: 'run_pipeline'?
=====================
mer. 25 mars 2026 18:26:36 CET == Failed Pipeline : Python ETL
NameError: name 'extractiond_movie_data' is not defined. Did you mean: 'extraction_movie_data'?
NameError: name 'sys' is not defined. Did you forget to import 'sys'?
=====================
mer. 25 mars 2026 18:26:59 CET == Failed Pipeline : Python ETL
=====================
mer. 25 mars 2026 18:28:24 CET == Failed Pipeline : Python ETL
💥-- Error Pipeline--  name 'extractiond_movie_data' is not defined
=====================
mer. 25 mars 2026 18:40:36 CET == Failed Pipeline : VIEW Refresh

=====================
mer. 25 mars 2026 18:41:45 CET == Failed Pipeline : VIEW Refresh
psql: error: connection to server on socket "/var/run/postgresql/.s.PGSQL.5432" failed: FATAL:  role "addmin" does not exist
=====================
mer. 25 mars 2026 18:44:37 CET == Failed Pipeline : VIEW Refresh
psql: error: connection to server on socket "/var/run/postgresql/.s.PGSQL.5432" failed: FATAL:  role "addmin" does not exist
=====================
jeu. 26 mars 2026 12:21:20 CET == Failed Pipeline : Python ETL
💥-- Error Pipeline--  'results'
=====================
jeu. 26 mars 2026 12:25:00 CET == Failed Pipeline : Python ETL
💥-- Error Pipeline--  'results'
=====================
jeu. 26 mars 2026 12:27:52 CET == Failed Pipeline : Python ETL
💥-- Error Pipeline--  'results'
=====================
jeu. 26 mars 2026 12:29:07 CET == Failed Pipeline : Python ETL
💥-- Error Pipeline--  API Error: Status 401 - {"status_code":7,"status_message":"Invalid API key: You must be granted a valid key.","success":false}
=====================
jeu. 26 mars 2026 16:00:07 CET == Failed Pipeline : Python ETL
💥-- Error Pipeline--  API error, Status 401 - {"status_code":7,"status_message":"Invalid API key: You must be granted a valid key.","success":false}
